/home/george/.pyenv/versions/3.8.13/lib/python3.8/site-packages/flask_limiter/extension.py:333: UserWarning: Using the in-memory storage for tracking rate limits as no storage was explicitly specified. This is not recommended for production use. See: https://flask-limiter.readthedocs.io#configuring-a-storage-backend for documentation about configuring the storage backend.
  warnings.warn(
2026-02-14 05:08:38,178 - __main__ - WARNING - ============================================================
2026-02-14 05:08:38,178 - __main__ - WARNING - WARNING: Running in DEBUG mode!
2026-02-14 05:08:38,178 - __main__ - WARNING - Never use DEBUG=True in production!
2026-02-14 05:08:38,179 - __main__ - WARNING - ============================================================
2026-02-14 05:08:38,179 - __main__ - INFO - Starting AgriLink backend [development] on 0.0.0.0:5000
 * Serving Flask app 'app'
 * Debug mode: on
Address already in use
Port 5000 is in use by another program. Either identify and stop that program, or start the server with a different port.
/home/george/.pyenv/versions/3.8.13/lib/python3.8/site-packages/flask_limiter/extension.py:333: UserWarning: Using the in-memory storage for tracking rate limits as no storage was explicitly specified. This is not recommended for production use. See: https://flask-limiter.readthedocs.io#configuring-a-storage-backend for documentation about configuring the storage backend.
  warnings.warn(
2026-02-14 05:20:05,178 - __main__ - WARNING - ============================================================
2026-02-14 05:20:05,178 - __main__ - WARNING - WARNING: Running in DEBUG mode!
2026-02-14 05:20:05,178 - __main__ - WARNING - Never use DEBUG=True in production!
2026-02-14 05:20:05,178 - __main__ - WARNING - ============================================================
2026-02-14 05:20:05,178 - __main__ - INFO - Starting AgriLink backend [development] on 0.0.0.0:5000
 * Serving Flask app 'app'
 * Debug mode: on
Address already in use
Port 5000 is in use by another program. Either identify and stop that program, or start the server with a different port.
